[tapsi-react.vercel.app/index-01-dark]
[backblue.gif]
[fade.gif]
[index.html]
[tapsi-react.vercel.app/favicon.ico]
[tapsi-react.vercel.app/_next/static/css/99b59f57a2f9ad5f.css]
[tapsi-react.vercel.app/index.html]
[tapsi-react.vercel.app/_next/static/css/e4c4aa6865b6e71d.css]
[tapsi-react.vercel.app/_next/static/chunks/polyfills-c67a75d1b6f99dc8.js]
[tapsi-react.vercel.app/_next/static/chunks/webpack-8fa1640cc84ba8fe.js]
[tapsi-react.vercel.app/_next/static/chunks/main-3a42e3b12b1f1cc3.js]
[tapsi-react.vercel.app/_next/static/chunks/framework-2c79e2a64abdb08b.js]
[tapsi-react.vercel.app/_next/static/chunks/pages/_app-13ead12c33bd3561.js]
[tapsi-react.vercel.app/_next/static/chunks/959-4d426de1e5ae8e24.js]
[tapsi-react.vercel.app/_next/static/chunks/839-cf8a10a4a9e6f87a.js]
[tapsi-react.vercel.app/_next/static/chunks/341-db5d4efef0c05721.js]
[tapsi-react.vercel.app/_next/static/chunks/366-c4fbcee13eff2e98.js]
[tapsi-react.vercel.app/_next/static/chunks/pages/index-01-dark-3ed14720d18b0c1d.js]
[tapsi-react.vercel.app/_next/static/dKwKDzVRCW7tER8YNQ0fQ/_buildManifest.js]
[tapsi-react.vercel.app/_next/static/dKwKDzVRCW7tER8YNQ0fQ/_ssgManifest.js]
[tapsi-react.vercel.app/assets/img/logo.svg]
[tapsi-react.vercel.app/assets/img/logo-light.svg]
[tapsi-react.vercel.app/assets/img/mask.jpg]
[tapsi-react.vercel.app/assets/img/home-banner.jpg]
[tapsi-react.vercel.app/assets/img/about-banner.jpg]
[tapsi-react.vercel.app/assets/img/project-1.jpg]
[tapsi-react.vercel.app/assets/img/project-2.jpg]
[tapsi-react.vercel.app/assets/img/project-3.jpg]
[tapsi-react.vercel.app/assets/img/project-4.jpg]
[tapsi-react.vercel.app/assets/img/project-5.jpg]
[tapsi-react.vercel.app/assets/img/project-6.jpg]
[tapsi-react.vercel.app/assets/img/avatar-1.jpg]
[tapsi-react.vercel.app/assets/img/avatar-2.jpg]
[tapsi-react.vercel.app/assets/img/avatar-3.jpg]
[tapsi-react.vercel.app/assets/img/avatar-4.jpg]
[tapsi-react.vercel.app/index-01-dark]
[tapsi-react.vercel.app/_next/static/chunks/pages/index-b3ee506ea998a9e9.js]
[tapsi-react.vercel.app/index-01]
[tapsi-react.vercel.app/demo/index-01-dark-light.jpg]
[tapsi-react.vercel.app/index-01-light]
[tapsi-react.vercel.app/demo/index-01-light.jpg]
[tapsi-react.vercel.app/demo/index-01-dark.jpg]
[tapsi-react.vercel.app/index-02]
[tapsi-react.vercel.app/demo/index-02-dark-light.jpg]
[tapsi-react.vercel.app/index-02-light]
[tapsi-react.vercel.app/demo/index-02-light.jpg]
[tapsi-react.vercel.app/index-02-dark]
[tapsi-react.vercel.app/demo/index-02-dark.jpg]
[tapsi-react.vercel.app/index-03]
[tapsi-react.vercel.app/demo/index-03-dark-light.jpg]
[tapsi-react.vercel.app/index-03-light]
[tapsi-react.vercel.app/demo/index-03-light.jpg]
[tapsi-react.vercel.app/index-03-dark]
[tapsi-react.vercel.app/index.html]
[tapsi-react.vercel.app/demo/index-03-dark.jpg]
[tapsi-react.vercel.app/_next/static/media/bootstrap-icons.941e4f83.woff2]
[tapsi-react.vercel.app/_next/static/media/bootstrap-icons.7cac001b.woff]
[tapsi-react.vercel.app/_next/static/media/fa-brands-400.0ad87b22.woff2]
[tapsi-react.vercel.app/_next/static/media/fa-brands-400.aaa8e217.ttf]
[tapsi-react.vercel.app/_next/static/media/fa-regular-400.0c4a336f.woff2]
[tapsi-react.vercel.app/_next/static/media/fa-regular-400.f7cc78e9.ttf]
[tapsi-react.vercel.app/_next/static/media/fa-solid-900.71ed02b4.woff2]
[tapsi-react.vercel.app/_next/static/media/fa-solid-900.43a87668.ttf]
[tapsi-react.vercel.app/_next/static/media/fa-v4compatibility.3d89958e.woff2]
[tapsi-react.vercel.app/_next/static/css/99b59f57a2f9ad5f.css]
[tapsi-react.vercel.app/_next/static/css/e4c4aa6865b6e71d.css]
[tapsi-react.vercel.app/assets/img/logo.svg]
[tapsi-react.vercel.app/assets/img/logo-light.svg]
[tapsi-react.vercel.app/_next/static/media/fa-v4compatibility.2484748d.ttf]
[tapsi-react.vercel.app/index-01]
[tapsi-react.vercel.app/_next/static/chunks/pages/index-01-a916c6a5de7870cf.js]
[tapsi-react.vercel.app/index-01-light]
[tapsi-react.vercel.app/_next/static/chunks/pages/index-01-light-30f275680a1a9b5e.js]
[tapsi-react.vercel.app/_next/static/chunks/997-eb0b638121dbd4bb.js]
[tapsi-react.vercel.app/index-02]
[tapsi-react.vercel.app/_next/static/chunks/pages/index-02-5ab4b4cf95fee098.js]
[tapsi-react.vercel.app/index-02-light]
[tapsi-react.vercel.app/_next/static/chunks/pages/index-02-light-ea204316ea8b82fb.js]
[tapsi-react.vercel.app/index-02-dark]
[tapsi-react.vercel.app/_next/static/chunks/pages/index-02-dark-16695cf3a4469a32.js]
[tapsi-react.vercel.app/_next/static/chunks/78-d05169f3da9cc85b.js]
[tapsi-react.vercel.app/_next/static/chunks/pages/index-03-0a135127a743cb66.js]
[tapsi-react.vercel.app/assets/img/bg-effect-1.png]
[tapsi-react.vercel.app/index-03]
[tapsi-react.vercel.app/index-03-light]
[tapsi-react.vercel.app/_next/static/chunks/pages/index-03-light-87b65f81051d0e95.js]
[tapsi-react.vercel.app/index-03-dark]
[tapsi-react.vercel.app/_next/static/chunks/pages/index-03-dark-d32f65201d3f2407.js]
